<?xml version="1.0" encoding="utf-8"?><testsuites><testsuite name="pytest" errors="0" failures="0" skipped="0" tests="18" time="0.656" timestamp="2025-01-01T17:31:26.374619+11:00" hostname="CYNACK"><testcase classname="tests.test_engine.TestEngine" name="test_collision" file="tests/test_engine.py" line="32" time="0.002" /><testcase classname="tests.test_engine.TestEngine" name="test_global_colorkey" file="tests/test_engine.py" line="27" time="0.001" /><testcase classname="tests.test_menu.TestMenu" name="test_font_loaded" file="tests/test_menu.py" line="24" time="0.002" /><testcase classname="tests.test_menu.TestMenu" name="test_surface_type" file="tests/test_menu.py" line="33" time="0.002" /><testcase classname="tests.test_menu.TestMenu" name="test_window_is_not_none" file="tests/test_menu.py" line="17" time="0.001" /><testcase classname="tests.test_physics.TestPhysicsObject" name="test_collision_object" file="tests/test_physics.py" line="37" time="0.001" /><testcase classname="tests.test_physics.TestPhysicsObject" name="test_collision_rect_on_movement" file="tests/test_physics.py" line="32" time="0.001" /><testcase classname="tests.test_physics.TestPhysicsObject" name="test_movement_object" file="tests/test_physics.py" line="26" time="0.001" /><testcase classname="tests.test_player.TestPlayer" name="test_animation_property" file="tests/test_player.py" line="61" time="0.002" /><testcase classname="tests.test_player.TestPlayer" name="test_attack_property" file="tests/test_player.py" line="27" time="0.001" /><testcase classname="tests.test_player.TestPlayer" name="test_fail_on_invalid_position_spawn" file="tests/test_player.py" line="20" time="0.001" /><testcase classname="tests.test_player.TestPlayer" name="test_moving_property" file="tests/test_player.py" line="49" time="0.001" /><testcase classname="tests.test_surfs.TestSurfaces" name="test_font_types" file="tests/test_surfs.py" line="41" time="0.001" /><testcase classname="tests.test_surfs.TestSurfaces" name="test_fonts_load" file="tests/test_surfs.py" line="73" time="0.001" /><testcase classname="tests.test_surfs.TestSurfaces" name="test_images_present" file="tests/test_surfs.py" line="22" time="0.001" /><testcase classname="tests.test_surfs.TestSurfaces" name="test_map_types" file="tests/test_surfs.py" line="35" time="0.001" /><testcase classname="tests.test_surfs.TestSurfaces" name="test_menu_image_sizes" file="tests/test_surfs.py" line="47" time="0.002" /><testcase classname="tests.test_utils.TestUtils" name="test_init" file="tests/test_utils.py" line="9" time="0.125" /></testsuite></testsuites>